{
  "assigned_sorties": 9,
  "unassigned_sorties": 15,
  "assigned_boxes": 30,
  "unassigned_boxes": 50,
  "unassigned_sortie_ids": [
    "K24-002",
    "K24-004",
    "K24-005",
    "K24-006",
    "K24-007",
    "K24-008",
    "K24-009",
    "K24-011",
    "K24-012",
    "K24-013",
    "K24-014",
    "K24-019",
    "K24-020",
    "K24-021",
    "K24-023"
  ],
  "hard_violation_boxes": 0,
  "hard_violation_sorties": 0,
  "communication_pass": false,
  "resource_available": false,
  "reserve_ok": true,
  "relay_peak": 1,
  "component_peak": 1,
  "complete_feasible": false,
  "relay_energy_kwh": 1.1940552667670832,
  "transport_energy_kwh": 24.784968765065422,
  "total_energy_kwh": 25.979024031832505,
  "transport_peak": 3,
  "B_battery_peak": 1,
  "C_battery_peak": 4,
  "service_peak": 3,
  "scheduler": "EDF event scheduler with commit ledger replay",
  "legacy_generator_used_as_final_decision": false,
  "K": 24,
  "candidate_count": 9,
  "candidate_rejections": 240
}
