{
  "assigned_sorties": 9,
  "unassigned_sorties": 14,
  "assigned_boxes": 30,
  "unassigned_boxes": 50,
  "unassigned_sortie_ids": [
    "K23-002",
    "K23-004",
    "K23-005",
    "K23-006",
    "K23-007",
    "K23-008",
    "K23-009",
    "K23-011",
    "K23-012",
    "K23-013",
    "K23-014",
    "K23-019",
    "K23-020",
    "K23-022"
  ],
  "hard_violation_boxes": 0,
  "hard_violation_sorties": 0,
  "communication_pass": false,
  "resource_available": false,
  "reserve_ok": true,
  "relay_peak": 1,
  "component_peak": 1,
  "complete_feasible": false,
  "relay_energy_kwh": 1.1940552667670832,
  "transport_energy_kwh": 24.784968765065422,
  "total_energy_kwh": 25.979024031832505,
  "transport_peak": 3,
  "B_battery_peak": 1,
  "C_battery_peak": 4,
  "service_peak": 3,
  "scheduler": "EDF event scheduler with commit ledger replay",
  "legacy_generator_used_as_final_decision": false,
  "K": 23,
  "candidate_count": 9,
  "candidate_rejections": 224
}
