{
  "assigned_sorties": 9,
  "unassigned_sorties": 18,
  "assigned_boxes": 30,
  "unassigned_boxes": 50,
  "unassigned_sortie_ids": [
    "K27-002",
    "K27-004",
    "K27-005",
    "K27-006",
    "K27-007",
    "K27-008",
    "K27-009",
    "K27-011",
    "K27-012",
    "K27-013",
    "K27-014",
    "K27-019",
    "K27-020",
    "K27-021",
    "K27-022",
    "K27-024",
    "K27-026",
    "K27-027"
  ],
  "hard_violation_boxes": 0,
  "hard_violation_sorties": 0,
  "communication_pass": false,
  "resource_available": false,
  "reserve_ok": true,
  "relay_peak": 1,
  "component_peak": 1,
  "complete_feasible": false,
  "relay_energy_kwh": 1.1940552667670832,
  "transport_energy_kwh": 24.784968765065422,
  "total_energy_kwh": 25.979024031832505,
  "transport_peak": 3,
  "B_battery_peak": 1,
  "C_battery_peak": 4,
  "service_peak": 3,
  "scheduler": "EDF event scheduler with commit ledger replay",
  "legacy_generator_used_as_final_decision": false,
  "K": 27,
  "candidate_count": 9,
  "candidate_rejections": 288
}
