{
  "assigned_sorties": 9,
  "unassigned_sorties": 16,
  "assigned_boxes": 30,
  "unassigned_boxes": 50,
  "unassigned_sortie_ids": [
    "K25-002",
    "K25-004",
    "K25-005",
    "K25-006",
    "K25-007",
    "K25-008",
    "K25-009",
    "K25-011",
    "K25-012",
    "K25-013",
    "K25-014",
    "K25-019",
    "K25-020",
    "K25-021",
    "K25-022",
    "K25-024"
  ],
  "hard_violation_boxes": 0,
  "hard_violation_sorties": 0,
  "communication_pass": false,
  "resource_available": false,
  "reserve_ok": true,
  "relay_peak": 1,
  "component_peak": 1,
  "complete_feasible": false,
  "relay_energy_kwh": 1.1940552667670832,
  "transport_energy_kwh": 24.784968765065422,
  "total_energy_kwh": 25.979024031832505,
  "transport_peak": 3,
  "B_battery_peak": 1,
  "C_battery_peak": 4,
  "service_peak": 3,
  "scheduler": "EDF event scheduler with commit ledger replay",
  "legacy_generator_used_as_final_decision": false,
  "K": 25,
  "candidate_count": 9,
  "candidate_rejections": 256
}
