{
  "assigned_sorties": 9,
  "unassigned_sorties": 17,
  "assigned_boxes": 30,
  "unassigned_boxes": 50,
  "unassigned_sortie_ids": [
    "K26-002",
    "K26-004",
    "K26-005",
    "K26-006",
    "K26-007",
    "K26-008",
    "K26-009",
    "K26-011",
    "K26-012",
    "K26-013",
    "K26-014",
    "K26-019",
    "K26-020",
    "K26-021",
    "K26-022",
    "K26-024",
    "K26-026"
  ],
  "hard_violation_boxes": 0,
  "hard_violation_sorties": 0,
  "communication_pass": false,
  "resource_available": false,
  "reserve_ok": true,
  "relay_peak": 1,
  "component_peak": 1,
  "complete_feasible": false,
  "relay_energy_kwh": 1.1940552667670832,
  "transport_energy_kwh": 24.784968765065422,
  "total_energy_kwh": 25.979024031832505,
  "transport_peak": 3,
  "B_battery_peak": 1,
  "C_battery_peak": 4,
  "service_peak": 3,
  "scheduler": "EDF event scheduler with commit ledger replay",
  "legacy_generator_used_as_final_decision": false,
  "K": 26,
  "candidate_count": 9,
  "candidate_rejections": 272
}
