[
  {
    "R":2,
    "tested_cap":11,
    "status":"KNOWN_FEASIBLE",
    "late_boxes":11.0,
    "proven_optimal":false,
    "runtime_s":null,
    "mip_gap":null
  },
  {
    "R":3,
    "tested_cap":0,
    "status":2,
    "late_boxes":null,
    "proven_optimal":false,
    "runtime_s":1.4955525398,
    "mip_gap":null
  },
  {
    "R":3,
    "tested_cap":10,
    "status":0,
    "late_boxes":9.0,
    "proven_optimal":false,
    "runtime_s":1.6031527519,
    "mip_gap":0.0
  },
  {
    "R":4,
    "tested_cap":0,
    "status":2,
    "late_boxes":null,
    "proven_optimal":false,
    "runtime_s":7.5261745453,
    "mip_gap":null
  },
  {
    "R":4,
    "tested_cap":10,
    "status":0,
    "late_boxes":9.0,
    "proven_optimal":false,
    "runtime_s":1.627109766,
    "mip_gap":0.0
  },
  {
    "R":5,
    "tested_cap":0,
    "status":1,
    "late_boxes":null,
    "proven_optimal":false,
    "runtime_s":20.0087854862,
    "mip_gap":null
  },
  {
    "R":5,
    "tested_cap":10,
    "status":0,
    "late_boxes":10.0,
    "proven_optimal":false,
    "runtime_s":1.5185742378,
    "mip_gap":0.0
  }
]