{
  "K": 19,
  "complete_feasible": false,
  "assigned_boxes": 80,
  "duplicate_boxes": 0,
  "missing_boxes": 0,
  "hard_violations": 0,
  "route_feasible_count": 13,
  "communication_failures": 5,
  "transport_energy_failures": 0,
  "deadline_failures": 0,
  "transport_resource_failures": 0,
  "battery_failures": 0,
  "relay_resource_failures": 1,
  "component_failures": 1,
  "soft_late_boxes": 6,
  "total_soft_lateness": 21523.681676086508,
  "max_soft_lateness": 5043.6722032610705,
  "joint_makespan": 10113.021552930599,
  "transport_energy": 61.045432230246185,
  "relay_energy": 0.0,
  "total_energy": 61.045432230246185,
  "transport_sorties": 19,
  "relay_sorties": 14,
  "transport_peak": 1,
  "B_battery_peak": 1,
  "C_battery_peak": 1,
  "battery_peak": {
    "B-B01": 1,
    "B-B02": 1,
    "B-B03": 1,
    "B-B04": 1,
    "C-B01": 1,
    "C-B02": 1,
    "C-B03": 1,
    "C-B04": 1
  },
  "relay_peak": 5,
  "component_peak": 3,
  "candidate_count": 19,
  "search_iterations": 1,
  "runtime_seconds": 554.9133605957031,
  "search_status": "FEASIBLE_NOT_FOUND_WITHIN_SEARCH",
  "main_failure": ""
}
