{
  "K": 24,
  "complete_feasible": false,
  "assigned_boxes": 80,
  "duplicate_boxes": 0,
  "missing_boxes": 0,
  "hard_violations": 0,
  "route_feasible_count": 15,
  "communication_failures": 6,
  "transport_energy_failures": 0,
  "deadline_failures": 0,
  "transport_resource_failures": 0,
  "battery_failures": 0,
  "relay_resource_failures": 1,
  "component_failures": 1,
  "soft_late_boxes": 18,
  "total_soft_lateness": 69218.9999285338,
  "max_soft_lateness": 9243.54365823761,
  "joint_makespan": 13267.331225939874,
  "transport_energy": 75.45208049301286,
  "relay_energy": 0.0,
  "total_energy": 75.45208049301286,
  "transport_sorties": 24,
  "relay_sorties": 17,
  "transport_peak": 1,
  "B_battery_peak": 1,
  "C_battery_peak": 1,
  "battery_peak": {
    "B-B01": 1,
    "B-B02": 1,
    "B-B03": 1,
    "B-B04": 1,
    "C-B01": 1,
    "C-B02": 1,
    "C-B03": 1,
    "C-B04": 1
  },
  "relay_peak": 6,
  "component_peak": 3,
  "candidate_count": 24,
  "search_iterations": 1,
  "runtime_seconds": 665.0323293209076,
  "search_status": "FEASIBLE_NOT_FOUND_WITHIN_SEARCH",
  "main_failure": ""
}
