{
  "K": 25,
  "complete_feasible": false,
  "assigned_boxes": 80,
  "duplicate_boxes": 0,
  "missing_boxes": 0,
  "hard_violations": 0,
  "route_feasible_count": 15,
  "communication_failures": 7,
  "transport_energy_failures": 0,
  "deadline_failures": 0,
  "transport_resource_failures": 0,
  "battery_failures": 0,
  "relay_resource_failures": 1,
  "component_failures": 1,
  "soft_late_boxes": 22,
  "total_soft_lateness": 93409.58049178297,
  "max_soft_lateness": 10214.078709702151,
  "joint_makespan": 14237.866277404415,
  "transport_energy": 79.27715446618627,
  "relay_energy": 0.0,
  "total_energy": 79.27715446618627,
  "transport_sorties": 25,
  "relay_sorties": 18,
  "transport_peak": 1,
  "B_battery_peak": 1,
  "C_battery_peak": 1,
  "battery_peak": {
    "B-B01": 1,
    "B-B02": 1,
    "B-B03": 1,
    "B-B04": 1,
    "C-B01": 1,
    "C-B02": 1,
    "C-B03": 1,
    "C-B04": 1
  },
  "relay_peak": 6,
  "component_peak": 3,
  "candidate_count": 25,
  "search_iterations": 1,
  "runtime_seconds": 705.5810837745667,
  "search_status": "FEASIBLE_NOT_FOUND_WITHIN_SEARCH",
  "main_failure": ""
}
