{
  "K": 21,
  "complete_feasible": false,
  "assigned_boxes": 80,
  "duplicate_boxes": 0,
  "missing_boxes": 0,
  "hard_violations": 0,
  "route_feasible_count": 15,
  "communication_failures": 5,
  "transport_energy_failures": 0,
  "deadline_failures": 0,
  "transport_resource_failures": 0,
  "battery_failures": 0,
  "relay_resource_failures": 1,
  "component_failures": 1,
  "soft_late_boxes": 12,
  "total_soft_lateness": 53869.91928978314,
  "max_soft_lateness": 6705.636820297677,
  "joint_makespan": 10729.424387999941,
  "transport_energy": 64.35411831714616,
  "relay_energy": 0.0,
  "total_energy": 64.35411831714616,
  "transport_sorties": 21,
  "relay_sorties": 14,
  "transport_peak": 1,
  "B_battery_peak": 1,
  "C_battery_peak": 1,
  "battery_peak": {
    "B-B01": 1,
    "B-B02": 1,
    "B-B03": 1,
    "B-B04": 1,
    "C-B01": 1,
    "C-B02": 1,
    "C-B03": 1,
    "C-B04": 1
  },
  "relay_peak": 5,
  "component_peak": 3,
  "candidate_count": 21,
  "search_iterations": 1,
  "runtime_seconds": 555.0826568603516,
  "search_status": "FEASIBLE_NOT_FOUND_WITHIN_SEARCH",
  "main_failure": ""
}
