{
  "K": 23,
  "complete_feasible": false,
  "assigned_boxes": 80,
  "duplicate_boxes": 0,
  "missing_boxes": 0,
  "hard_violations": 0,
  "route_feasible_count": 15,
  "communication_failures": 5,
  "transport_energy_failures": 0,
  "deadline_failures": 0,
  "transport_resource_failures": 0,
  "battery_failures": 0,
  "relay_resource_failures": 1,
  "component_failures": 1,
  "soft_late_boxes": 15,
  "total_soft_lateness": 59815.42905662816,
  "max_soft_lateness": 8285.101061515412,
  "joint_makespan": 12308.888629217676,
  "transport_energy": 71.61269038634144,
  "relay_energy": 0.0,
  "total_energy": 71.61269038634144,
  "transport_sorties": 23,
  "relay_sorties": 16,
  "transport_peak": 1,
  "B_battery_peak": 1,
  "C_battery_peak": 1,
  "battery_peak": {
    "B-B01": 1,
    "B-B02": 1,
    "B-B03": 1,
    "B-B04": 1,
    "C-B01": 1,
    "C-B02": 1,
    "C-B03": 1,
    "C-B04": 1
  },
  "relay_peak": 6,
  "component_peak": 3,
  "candidate_count": 23,
  "search_iterations": 1,
  "runtime_seconds": 612.7102203369141,
  "search_status": "FEASIBLE_NOT_FOUND_WITHIN_SEARCH",
  "main_failure": ""
}
