{
  "K": 22,
  "complete_feasible": false,
  "assigned_boxes": 80,
  "duplicate_boxes": 0,
  "missing_boxes": 0,
  "hard_violations": 0,
  "route_feasible_count": 16,
  "communication_failures": 5,
  "transport_energy_failures": 0,
  "deadline_failures": 0,
  "transport_resource_failures": 0,
  "battery_failures": 0,
  "relay_resource_failures": 1,
  "component_failures": 1,
  "soft_late_boxes": 13,
  "total_soft_lateness": 55765.78357338386,
  "max_soft_lateness": 7514.358167310518,
  "joint_makespan": 11538.145735012782,
  "transport_energy": 67.30818486224149,
  "relay_energy": 0.0,
  "total_energy": 67.30818486224149,
  "transport_sorties": 22,
  "relay_sorties": 15,
  "transport_peak": 1,
  "B_battery_peak": 1,
  "C_battery_peak": 1,
  "battery_peak": {
    "B-B01": 1,
    "B-B02": 1,
    "B-B03": 1,
    "B-B04": 1,
    "C-B01": 1,
    "C-B02": 1,
    "C-B03": 1,
    "C-B04": 1
  },
  "relay_peak": 5,
  "component_peak": 3,
  "candidate_count": 22,
  "search_iterations": 1,
  "runtime_seconds": 576.3304026126862,
  "search_status": "FEASIBLE_NOT_FOUND_WITHIN_SEARCH",
  "main_failure": ""
}
