{
  "K": 26,
  "complete_feasible": false,
  "assigned_boxes": 80,
  "duplicate_boxes": 0,
  "missing_boxes": 0,
  "hard_violations": 0,
  "route_feasible_count": 14,
  "communication_failures": 7,
  "transport_energy_failures": 0,
  "deadline_failures": 0,
  "transport_resource_failures": 0,
  "battery_failures": 0,
  "relay_resource_failures": 1,
  "component_failures": 1,
  "soft_late_boxes": 25,
  "total_soft_lateness": 104052.6113174136,
  "max_soft_lateness": 10214.078709702151,
  "joint_makespan": 15991.878460388038,
  "transport_energy": 84.07808019915852,
  "relay_energy": 0.0,
  "total_energy": 84.07808019915852,
  "transport_sorties": 26,
  "relay_sorties": 19,
  "transport_peak": 1,
  "B_battery_peak": 1,
  "C_battery_peak": 1,
  "battery_peak": {
    "B-B01": 1,
    "B-B02": 1,
    "B-B03": 1,
    "B-B04": 1,
    "C-B01": 1,
    "C-B02": 1,
    "C-B03": 1,
    "C-B04": 1
  },
  "relay_peak": 6,
  "component_peak": 3,
  "candidate_count": 26,
  "search_iterations": 1,
  "runtime_seconds": 719.9857041835785,
  "search_status": "FEASIBLE_NOT_FOUND_WITHIN_SEARCH",
  "main_failure": ""
}
